// Jest Snapshot v1, https://goo.gl/fbAQLP

exports[`TableViewCell accessoryType supports none 1`] = `
<View
  name="TableViewCell"
>
  <View
    name="primaryAction"
    onPress={[Function]}
  >
    <View
      name="titleView"
    >
      <View
        name="title"
      >
        <Text
          accessible={true}
          allowFontScaling={true}
          ellipsizeMode="tail"
        >
          My Title
        </Text>
      </View>
    </View>
  </View>
</View>
`;

exports[`TableViewCell subtitle renders 1`] = `
<View
  name="TableViewCell"
>
  <View
    name="primaryAction"
    onPress={[Function]}
  >
    <View
      name="titleView"
    >
      <View
        name="title"
      >
        <Text
          accessible={true}
          allowFontScaling={true}
          ellipsizeMode="tail"
        >
          My Title
        </Text>
      </View>
    </View>
  </View>
</View>
`;

exports[`TableViewCell title renders 1`] = `
<View
  name="TableViewCell"
>
  <View
    name="primaryAction"
    onPress={[Function]}
  >
    <View
      name="titleView"
    >
      <View
        name="title"
      >
        <Text
          accessible={true}
          allowFontScaling={true}
          ellipsizeMode="tail"
        >
          My Title
        </Text>
      </View>
    </View>
  </View>
</View>
`;
